// Jest Snapshot v1, https://goo.gl/fbAQLP

exports[`should render add expense page without errors 1`] = `
<div>
  <ExpenseForm
    expense={
      Object {
        "amount": 295,
        "createdAt": -345600000,
        "description": "rent",
        "id": "1",
        "note": "this is a note on ID 1",
      }
    }
    onSubmit={[Function]}
  />
  <button
    onClick={[Function]}
  >
    Remove
  </button>
</div>
`;
