// Jest Snapshot v1, https://goo.gl/fbAQLP

exports[`expect help page to be rendered 1`] = `
<div>
  this is the expense help page
</div>
`;
