// Jest Snapshot v1, https://goo.gl/fbAQLP

exports[`expect expensedashboard page to render expense list and expense filters 1`] = `
<div>
  <Connect(ExpensesSummary) />
  <Connect(ExpenseListFilters) />
  <Connect(ExpenseList) />
</div>
`;
