// Jest Snapshot v1, https://goo.gl/fbAQLP

exports[`should render LoginPage 1`] = `
<div>
  <button
    onClick={[Function]}
  >
    Click to log in:
  </button>
</div>
`;
